0 verbose cli C:\nvm4w\nodejs\node.exe C:\Users\bunny\AppData\Local\nvm\v22.13.1\node_modules\npm\bin\npm-cli.js
1 info using npm@11.4.1
2 info using node@v22.13.1
3 silly config load:file:C:\Users\bunny\AppData\Local\nvm\v22.13.1\node_modules\npm\npmrc
4 silly config load:file:C:\Users\bunny\OneDrive\Desktop\D UI\.npmrc
5 silly config load:file:C:\Users\bunny\.npmrc
6 silly config load:file:C:\nvm4w\nodejs\etc\npmrc
7 verbose title npm exec create-vite@latest ./ --template react
8 verbose argv "exec" "--yes" "--" "create-vite@latest" "./" "--template" "react"
9 verbose logfile logs-max:10 dir:C:\Users\bunny\OneDrive\Desktop\D UI\%AppData%\npm-cache\_logs\2026-04-04T10_43_26_670Z-
10 verbose logfile C:\Users\bunny\OneDrive\Desktop\D UI\%AppData%\npm-cache\_logs\2026-04-04T10_43_26_670Z-debug-0.log
11 silly logfile done cleaning log files
12 silly packumentCache heap:4345298944 maxSize:1086324736 maxEntrySize:543162368
13 http fetch GET 200 https://registry.npmjs.org/npm 482ms
14 http fetch GET 200 https://registry.npmjs.org/create-vite 551ms (cache miss)
15 silly packumentCache heap:4345298944 maxSize:1086324736 maxEntrySize:543162368
16 silly packumentCache heap:4345298944 maxSize:1086324736 maxEntrySize:543162368
17 silly idealTree buildDeps
18 silly fetch manifest create-vite@9.0.3
19 silly packumentCache full:https://registry.npmjs.org/create-vite cache-miss
20 http fetch GET 200 https://registry.npmjs.org/create-vite 871ms (cache miss)
21 silly packumentCache full:https://registry.npmjs.org/create-vite set size:undefined disposed:false
22 silly placeDep ROOT create-vite@9.0.3 OK for:  want: 9.0.3
23 silly reify moves {}
24 silly audit bulk request { 'create-vite': [ '9.0.3' ] }
25 http cache create-vite@https://registry.npmjs.org/create-vite/-/create-vite-9.0.3.tgz 0ms (cache hit)
26 silly tarball no local data for create-vite@https://registry.npmjs.org/create-vite/-/create-vite-9.0.3.tgz. Extracting by manifest.
27 http fetch POST 200 https://registry.npmjs.org/-/npm/v1/security/advisories/bulk 301ms
28 silly audit report {}
29 http fetch GET 200 https://registry.npmjs.org/create-vite/-/create-vite-9.0.3.tgz 711ms (cache miss)
